ERROR "src/components/__tests__/ai_ui.test.ts" 1:30 "Cannot find module 'fs' or its corresponding type declarations."
ERROR "src/components/__tests__/ai_ui.test.ts" 4:18 "Cannot find module 'path' or its corresponding type declarations."
ERROR "src/components/__tests__/ai_ui.test.ts" 7:29 "Cannot find name '__dirname'."
ERROR "src/components/__tests__/dns_ui.test.ts" 1:30 "Cannot find module 'fs' or its corresponding type declarations."
ERROR "src/components/__tests__/dns_ui.test.ts" 4:18 "Cannot find module 'path' or its corresponding type declarations."
ERROR "src/components/__tests__/dns_ui.test.ts" 7:29 "Cannot find name '__dirname'."
ERROR "src/components/filtereditor.svelte" 226:22 "Type 'string' is not assignable to type '16 | 20 | 24 | 32'."
ERROR "src/components/sidenavmenu.svelte" 30:26 "Property 'isSelected' does not exist on type '{ type: string; text: string; href: string; icon: typeof Home; children?: undefined; } | { type: string; text: string; icon: typeof Filter; children: { type: string; text: string; href: string; icon: typeof Filter; }[]; href?: undefined; }'.\n  Property 'isSelected' does not exist on type '{ type: string; text: string; href: string; icon: typeof Home; children?: undefined; }'."
ERROR "src/routes/ai/ai.svelte" 202:7 "Type '{ keyName: string; title: string; labelText: string; type: string; helperText: string; orientation: string; radioOptions: { value: string; label: string; }[]; onSaved: () => Promise<void>; }' is not assignable to type '{ keyName: string; labelText: string; title: string; helperText: any; type: any; disabled?: boolean; disableOnblur?: boolean; updateDataOnBackend?: () => void; }'.\n  Object literal may only specify known properties, and '\"orientation\"' does not exist in type '{ keyName: string; labelText: string; title: string; helperText: any; type: any; disabled?: boolean; disableOnblur?: boolean; updateDataOnBackend?: () => void; }'."
ERROR "src/routes/ai/ai.svelte" 237:9 "Type '{ keyName: string; title: string; labelText: string; type: string; helperText: string; onSaved: () => Promise<void>; }' is not assignable to type '{ keyName: string; labelText: string; title: string; helperText: any; type: any; disabled?: boolean; disableOnblur?: boolean; updateDataOnBackend?: () => void; }'.\n  Object literal may only specify known properties, and '\"onSaved\"' does not exist in type '{ keyName: string; labelText: string; title: string; helperText: any; type: any; disabled?: boolean; disableOnblur?: boolean; updateDataOnBackend?: () => void; }'."
ERROR "src/routes/ai/ai.svelte" 245:9 "Type '{ keyName: string; title: string; labelText: string; type: string; helperText: string; onSaved: () => Promise<void>; }' is not assignable to type '{ keyName: string; labelText: string; title: string; helperText: any; type: any; disabled?: boolean; disableOnblur?: boolean; updateDataOnBackend?: () => void; }'.\n  Object literal may only specify known properties, and '\"onSaved\"' does not exist in type '{ keyName: string; labelText: string; title: string; helperText: any; type: any; disabled?: boolean; disableOnblur?: boolean; updateDataOnBackend?: () => void; }'."
ERROR "src/routes/ai/ai.svelte" 253:9 "Type '{ keyName: string; title: string; labelText: string; type: string; helperText: string; onSaved: () => Promise<void>; }' is not assignable to type '{ keyName: string; labelText: string; title: string; helperText: any; type: any; disabled?: boolean; disableOnblur?: boolean; updateDataOnBackend?: () => void; }'.\n  Object literal may only specify known properties, and '\"onSaved\"' does not exist in type '{ keyName: string; labelText: string; title: string; helperText: any; type: any; disabled?: boolean; disableOnblur?: boolean; updateDataOnBackend?: () => void; }'."
ERROR "src/routes/ai/ai.svelte" 261:9 "Type '{ keyName: string; title: string; labelText: string; type: string; helperText: string; onSaved: () => Promise<void>; }' is not assignable to type '{ keyName: string; labelText: string; title: string; helperText: any; type: any; disabled?: boolean; disableOnblur?: boolean; updateDataOnBackend?: () => void; }'.\n  Object literal may only specify known properties, and '\"onSaved\"' does not exist in type '{ keyName: string; labelText: string; title: string; helperText: any; type: any; disabled?: boolean; disableOnblur?: boolean; updateDataOnBackend?: () => void; }'."
ERROR "src/routes/ai/ai.svelte" 287:9 "Type '{ keyName: string; title: string; labelText: string; type: string; helperText: string; onSaved: () => Promise<void>; }' is not assignable to type '{ keyName: string; labelText: string; title: string; helperText: any; type: any; disabled?: boolean; disableOnblur?: boolean; updateDataOnBackend?: () => void; }'.\n  Object literal may only specify known properties, and '\"onSaved\"' does not exist in type '{ keyName: string; labelText: string; title: string; helperText: any; type: any; disabled?: boolean; disableOnblur?: boolean; updateDataOnBackend?: () => void; }'."
ERROR "src/routes/ai/ai.svelte" 295:9 "Type '{ keyName: string; title: string; labelText: string; type: string; helperText: string; onSaved: () => Promise<void>; }' is not assignable to type '{ keyName: string; labelText: string; title: string; helperText: any; type: any; disabled?: boolean; disableOnblur?: boolean; updateDataOnBackend?: () => void; }'.\n  Object literal may only specify known properties, and '\"onSaved\"' does not exist in type '{ keyName: string; labelText: string; title: string; helperText: any; type: any; disabled?: boolean; disableOnblur?: boolean; updateDataOnBackend?: () => void; }'."
ERROR "src/routes/ai/ai.svelte" 320:7 "Type '{ keyName: string; title: string; labelText: string; type: string; helperText: string; onSaved: () => Promise<void>; }' is not assignable to type '{ keyName: string; labelText: string; title: string; helperText: any; type: any; disabled?: boolean; disableOnblur?: boolean; updateDataOnBackend?: () => void; }'.\n  Object literal may only specify known properties, and '\"onSaved\"' does not exist in type '{ keyName: string; labelText: string; title: string; helperText: any; type: any; disabled?: boolean; disableOnblur?: boolean; updateDataOnBackend?: () => void; }'."
ERROR "src/routes/devices/devicedetail.svelte" 237:8 "Argument of type '\"click:button--primary\"' is not assignable to parameter of type '\"click:button--secondary\"'."
ERROR "src/routes/devices/devicelist.svelte" 219:69 "Argument of type 'DataTableRow' is not assignable to parameter of type 'Device'.\n  Type 'DataTableRow' is missing the following properties from type 'Device': display_name, dns_name, manual_name, hostnames, and 12 more."
ERROR "src/routes/devices/devicelist.svelte" 242:40 "Argument of type 'DataTableRow' is not assignable to parameter of type 'Device'."
ERROR "src/routes/devices/devicelist.svelte" 247:42 "Argument of type 'DataTableRow' is not assignable to parameter of type 'Device'."
ERROR "src/routes/home/home.svelte" 40:19 "Type '64' is not assignable to type '16 | 20 | 24 | 32'."
ERROR "src/routes/home/home.svelte" 55:19 "Type '64' is not assignable to type '16 | 20 | 24 | 32'."
WARNING "src/components/connectedCertificateComposed.svelte" 20:1 "A11y: A form label must be associated with a control."
WARNING "src/components/connectedCertificateComposed.svelte" 22:1 "A11y: <div> with click handler must have an ARIA role"
WARNING "src/components/connectedCertificateComposed.svelte" 22:1 "A11y: visible, non-interactive elements with an on:click event must be accompanied by an on:keydown, on:keyup, or on:keypress event."
WARNING "src/components/connectedCertificateComposed.svelte" 25:3 "A11y: A form label must be associated with a control."
WARNING "src/components/dnsArecords.svelte" 208:11 "Empty block"
WARNING "src/components/filtereditor.svelte" 222:11 "A11y: <div> with click handler must have an ARIA role"
WARNING "src/components/filtereditor.svelte" 222:11 "A11y: visible, non-interactive elements with an on:click event must be accompanied by an on:keydown, on:keyup, or on:keypress event."
WARNING "src/components/httpsToggle.svelte" 18:3 "A11y: <div> with click handler must have an ARIA role"
WARNING "src/components/httpsToggle.svelte" 18:3 "A11y: visible, non-interactive elements with an on:click event must be accompanied by an on:keydown, on:keyup, or on:keypress event."
WARNING "src/components/modal.svelte" 7:14 "Component has unused export property 'children'. If it is for external reference only, please consider using `export const children`"
WARNING "src/components/toggle.svelte" 60:3 "Empty block"
WARNING "src/routes/dns/dns.svelte" 57:9 "A11y: <span> with click handler must have an ARIA role"
WARNING "src/routes/dns/dns.svelte" 57:9 "A11y: visible, non-interactive elements with an on:click event must be accompanied by an on:keydown, on:keyup, or on:keypress event."
WARNING "src/routes/dns/dns.svelte" 64:11 "A11y: A form label must be associated with a control."
WARNING "src/routes/dns/dns.svelte" 68:11 "A11y: A form label must be associated with a control."
WARNING "src/routes/dns/dns.svelte" 74:11 "A11y: A form label must be associated with a control."
WARNING "src/routes/filter/filter.svelte" 55:9 "A11y: A form label must be associated with a control."
WARNING "src/routes/filter/filter.svelte" 60:9 "A11y: A form label must be associated with a control."
WARNING "src/routes/home/home.svelte" 36:9 "A11y: <div> with click handler must have an ARIA role"
WARNING "src/routes/home/home.svelte" 36:9 "A11y: visible, non-interactive elements with an on:click event must be accompanied by an on:keydown, on:keyup, or on:keypress event."
WARNING "src/routes/home/home.svelte" 51:9 "A11y: <div> with click handler must have an ARIA role"
WARNING "src/routes/home/home.svelte" 51:9 "A11y: visible, non-interactive elements with an on:click event must be accompanied by an on:keydown, on:keyup, or on:keypress event."
WARNING "src/routes/home/home.svelte" 94:7 "A11y: <img> element should have an alt attribute"
WARNING "src/routes/rules/rform.svelte" 109:5 "A11y: <div> with click handler must have an ARIA role"
WARNING "src/routes/rules/rform.svelte" 109:5 "A11y: visible, non-interactive elements with an on:click event must be accompanied by an on:keydown, on:keyup, or on:keypress event."
WARNING "src/routes/rules/rform.svelte" 134:5 "A11y: <div> with click handler must have an ARIA role"
WARNING "src/routes/rules/rform.svelte" 134:5 "A11y: visible, non-interactive elements with an on:click event must be accompanied by an on:keydown, on:keyup, or on:keypress event."
WARNING "src/routes/users/usermodal.svelte" 17:14 "Component has unused export property 'showForm'. If it is for external reference only, please consider using `export const showForm`"
COMPLETED 590 FILES 22 ERRORS 28 WARNINGS 17 FILES_WITH_PROBLEMS
