ERROR "src/components/__tests__/dns_ui.test.ts" 1:30 "Cannot find module 'fs' or its corresponding type declarations."
ERROR "src/components/__tests__/dns_ui.test.ts" 4:18 "Cannot find module 'path' or its corresponding type declarations."
ERROR "src/components/__tests__/dns_ui.test.ts" 7:29 "Cannot find name '__dirname'."
ERROR "src/components/filtereditor.svelte" 203:22 "Type 'string' is not assignable to type '16 | 20 | 24 | 32'."
WARNING "src/components/dnsArecords.svelte" 208:11 "Empty block"
WARNING "src/components/filtereditor.svelte" 199:11 "A11y: <div> with click handler must have an ARIA role"
WARNING "src/components/filtereditor.svelte" 199:11 "A11y: visible, non-interactive elements with an on:click event must be accompanied by an on:keydown, on:keyup, or on:keypress event."
WARNING "src/routes/dns/dns.svelte" 57:9 "A11y: <span> with click handler must have an ARIA role"
WARNING "src/routes/dns/dns.svelte" 57:9 "A11y: visible, non-interactive elements with an on:click event must be accompanied by an on:keydown, on:keyup, or on:keypress event."
WARNING "src/routes/dns/dns.svelte" 64:11 "A11y: A form label must be associated with a control."
WARNING "src/routes/dns/dns.svelte" 68:11 "A11y: A form label must be associated with a control."
WARNING "src/routes/dns/dns.svelte" 74:11 "A11y: A form label must be associated with a control."
WARNING "src/routes/filter/filter.svelte" 78:9 "A11y: A form label must be associated with a control."
WARNING "src/routes/filter/filter.svelte" 83:9 "A11y: A form label must be associated with a control."
COMPLETED 632 FILES 4 ERRORS 10 WARNINGS 5 FILES_WITH_PROBLEMS
